   Compiling aws-lc-sys v0.34.0
warning: aws-lc-sys@0.34.0: Emitting configuration: cargo:rustc-cfg=universal
warning: aws-lc-sys@0.34.0: NASM command not found or failed to execute.
warning: aws-lc-sys@0.34.0: NASM command not found or failed to execute.
error: failed to run custom build command for `aws-lc-sys v0.34.0`

Caused by:
  process didn't exit successfully: `C:\Users\junny\Desktop\FLM\target\debug\build\aws-lc-sys-db79083c23be678b\build-script-main` (exit code: 101)
  --- stdout
  cargo:rerun-if-env-changed=AWS_LC_SYS_NO_PREFIX_x86_64_pc_windows_msvc
  cargo:rerun-if-env-changed=AWS_LC_SYS_NO_PREFIX
  cargo:rerun-if-env-changed=AWS_LC_SYS_PREGENERATING_BINDINGS_x86_64_pc_windows_msvc
  cargo:rerun-if-env-changed=AWS_LC_SYS_PREGENERATING_BINDINGS
  cargo:rerun-if-env-changed=AWS_LC_SYS_EXTERNAL_BINDGEN_x86_64_pc_windows_msvc
  cargo:rerun-if-env-changed=AWS_LC_SYS_EXTERNAL_BINDGEN
  cargo:rerun-if-env-changed=AWS_LC_SYS_NO_ASM_x86_64_pc_windows_msvc
  cargo:rerun-if-env-changed=AWS_LC_SYS_NO_ASM
  cargo:rerun-if-env-changed=AWS_LC_SYS_CFLAGS_x86_64_pc_windows_msvc
  cargo:rerun-if-env-changed=AWS_LC_SYS_CFLAGS
  cargo:rerun-if-env-changed=CFLAGS_x86_64_pc_windows_msvc
  cargo:rerun-if-env-changed=CFLAGS
  cargo:rerun-if-env-changed=AWS_LC_SYS_PREBUILT_NASM_x86_64_pc_windows_msvc
  cargo:rerun-if-env-changed=AWS_LC_SYS_PREBUILT_NASM
  cargo:rerun-if-env-changed=AWS_LC_SYS_C_STD_x86_64_pc_windows_msvc
  cargo:rerun-if-env-changed=AWS_LC_SYS_C_STD
  cargo:rerun-if-env-changed=AWS_LC_SYS_CMAKE_BUILDER_x86_64_pc_windows_msvc
  cargo:rerun-if-env-changed=AWS_LC_SYS_CMAKE_BUILDER
  cargo:rerun-if-env-changed=AWS_LC_SYS_NO_PREGENERATED_SRC_x86_64_pc_windows_msvc
  cargo:rerun-if-env-changed=AWS_LC_SYS_NO_PREGENERATED_SRC
  cargo:rerun-if-env-changed=AWS_LC_SYS_EFFECTIVE_TARGET_x86_64_pc_windows_msvc
  cargo:rerun-if-env-changed=AWS_LC_SYS_EFFECTIVE_TARGET
  cargo:rerun-if-env-changed=AWS_LC_SYS_NO_JITTER_ENTROPY_x86_64_pc_windows_msvc
  cargo:rerun-if-env-changed=AWS_LC_SYS_NO_JITTER_ENTROPY
  cargo:warning=Emitting configuration: cargo:rustc-cfg=universal
  cargo:rustc-cfg=universal
  cargo:rerun-if-env-changed=AWS_LC_SYS_STATIC_x86_64_pc_windows_msvc
  cargo:rerun-if-env-changed=AWS_LC_SYS_STATIC
  default_for Target: 'x86_64-pc-windows-msvc'
  cargo:rerun-if-env-changed=AWS_LC_SYS_STATIC_x86_64_pc_windows_msvc
  cargo:rerun-if-env-changed=AWS_LC_SYS_STATIC
  cargo:warning=NASM command not found or failed to execute.
  cargo:warning=NASM command not found or failed to execute.
  cargo:rerun-if-env-changed=AWS_LC_SYS_CMAKE_x86_64_pc_windows_msvc
  cargo:rerun-if-env-changed=AWS_LC_SYS_CMAKE
  cargo:rerun-if-env-changed=CMAKE_x86_64_pc_windows_msvc
  cargo:rerun-if-env-changed=CMAKE

  --- stderr
  Missing dependency: cmake

  thread 'main' panicked at C:\Users\junny\.cargo\registry\src\index.crates.io-1949cf8c6b5b557f\aws-lc-sys-0.34.0\builder\main.rs:445:40:
  called `Result::unwrap()` on an `Err` value: "Required build dependency is missing. Halting build."
  note: run with `RUST_BACKTRACE=1` environment variable to display a backtrace
warning: build failed, waiting for other jobs to finish...
